src/App.tsx(2,182): error TS6133: 'Play' is declared but its value is never read.
src/App.tsx(2,188): error TS6133: 'Pause' is declared but its value is never read.
src/App.tsx(7,33): error TS6133: 'DialogTitle' is declared but its value is never read.
src/components/story/CreateStoryDialog.tsx(6,19): error TS6133: 'Upload' is declared but its value is never read.
